node.exe : (node:116732) [DEP0040] DeprecationWarning: The `punycode` module 
is deprecated. Please use a userland alternative instead.
At C:\Program Files\nodejs\npx.ps1:29 char:3
+   & $NODE_EXE $NPX_CLI_JS $args
+   ~~~~~~~~~~~~~~~~~~~~~~~~~~~~~
    + CategoryInfo          : NotSpecified: ((node:116732) [...native instead. 
   :String) [], RemoteException
    + FullyQualifiedErrorId : NativeCommandError
 
(Use `node --trace-deprecation ...` to show where the warning was created)
  console.error
    Warning: An update to RequestDetail inside a test was not wrapped in act(...).
    
    When testing, code that causes React state updates should be wrapped into act(...):
    
    act(() => {
      /* fire events that update state */
    });
    /* assert on the output */
    
    This ensures that you're testing the behavior the user would see in the browser. Learn more at https://reactjs.org/link/wrap-tests-with-act
        at request (C:\Users\Adam Steenwyk\Documents\Code\Nightjar\frontend\src\components\inventory\common\RequestDetail.jsx:42:3)

    [0m [90m 75 |[39m         [36mconst[39m km [33m=[39m getWorkspaceKeyMaterial(currentWorkspace[33m,[39m workspaceId)[33m;[39m
     [90m 76 |[39m         [36mconst[39m addr [33m=[39m [36mawait[39m getAddress(km[33m,[39m inventorySystemId[33m,[39m request[33m.[39mid)[33m;[39m
    [31m[1m>[22m[39m[90m 77 |[39m         [36mif[39m ([33m![39mcancelled [33m&&[39m addr) setFullAddress(addr)[33m;[39m
     [90m    |[39m                                 [31m[1m^[22m[39m
     [90m 78 |[39m       } [36mcatch[39m {
     [90m 79 |[39m         [90m// Address may not exist locally for this admin[39m
     [90m 80 |[39m       }[0m

      at printWarning (node_modules/react-dom/cjs/react-dom.development.js:86:30)
      at error (node_modules/react-dom/cjs/react-dom.development.js:60:7)
      at warnIfUpdatesNotWrappedWithActDEV (node_modules/react-dom/cjs/react-dom.development.js:27628:9)
      at scheduleUpdateOnFiber (node_modules/react-dom/cjs/react-dom.development.js:25547:5)
      at dispatchSetState (node_modules/react-dom/cjs/react-dom.development.js:16708:7)
      at setFullAddress (frontend/src/components/inventory/common/RequestDetail.jsx:77:33)

  console.warn
    [ApprovalQueue] Address reveal not created ΓÇö address not found in local store or pending addresses for request req-edge

    [0m [90m 129 |[39m           ctx[33m.[39myAddressReveals[33m?[39m[33m.[39m[36mset[39m(requestId[33m,[39m { [33m...[39mreveal[33m,[39m inventorySystemId[33m:[39m ctx[33m.[39minventorySystemId })[33m;[39m
     [90m 130 |[39m         } [36melse[39m [36mif[39m ([33m![39maddr) {
    [31m[1m>[22m[39m[90m 131 |[39m           console[33m.[39mwarn([32m'[ApprovalQueue] Address reveal not created ΓÇö address not found in local store or pending addresses for request'[39m[33m,[39m requestId[33m?[39m[33m.[39mslice([35m0[39m[33m,[39m [35m8[39m))[33m;[39m
     [90m     |[39m                   [31m[1m^[22m[39m
     [90m 132 |[39m         } [36melse[39m [36mif[39m ([33m![39mctx[33m.[39muserIdentity[33m?[39m[33m.[39mcurveSecretKey) {
     [90m 133 |[39m           console[33m.[39mwarn([32m'[ApprovalQueue] Address reveal not created ΓÇö admin encryption key not available'[39m)[33m;[39m
     [90m 134 |[39m         }[0m

      at warn (frontend/src/components/inventory/admin/ApprovalQueue.jsx:131:19)
      at handleApprove (frontend/src/components/inventory/admin/ApprovalQueue.jsx:427:73)
      at HTMLUnknownElement.callCallback (node_modules/react-dom/cjs/react-dom.development.js:4164:14)
      at HTMLUnknownElement.callTheUserObjectsOperation (node_modules/jsdom/lib/jsdom/living/generated/EventListener.js:26:30)
      at innerInvokeEventListeners (node_modules/jsdom/lib/jsdom/living/events/EventTarget-impl.js:350:25)
      at invokeEventListeners (node_modules/jsdom/lib/jsdom/living/events/EventTarget-impl.js:286:3)
      at HTMLUnknownElementImpl._dispatch (node_modules/jsdom/lib/jsdom/living/events/EventTarget-impl.js:233:9)
      at HTMLUnknownElementImpl.dispatchEvent (node_modules/jsdom/lib/jsdom/living/events/EventTarget-impl.js:104:17)
      at HTMLUnknownElement.dispatchEvent (node_modules/jsdom/lib/jsdom/living/generated/EventTarget.js:241:34)
      at Object.invokeGuardedCallbackDev (node_modules/react-dom/cjs/react-dom.development.js:4213:16)
      at invokeGuardedCallback (node_modules/react-dom/cjs/react-dom.development.js:4277:31)
      at invokeGuardedCallbackAndCatchFirstError (node_modules/react-dom/cjs/react-dom.development.js:4291:25)
      at executeDispatch (node_modules/react-dom/cjs/react-dom.development.js:9041:3)
      at processDispatchQueueItemsInOrder (node_modules/react-dom/cjs/react-dom.development.js:9073:7)
      at processDispatchQueue (node_modules/react-dom/cjs/react-dom.development.js:9086:5)
      at dispatchEventsForPlugins (node_modules/react-dom/cjs/react-dom.development.js:9097:3)
      at node_modules/react-dom/cjs/react-dom.development.js:9288:12
      at batchedUpdates$1 (node_modules/react-dom/cjs/react-dom.development.js:26179:12)
      at batchedUpdates (node_modules/react-dom/cjs/react-dom.development.js:3991:12)
      at dispatchEventForPluginEventSystem (node_modules/react-dom/cjs/react-dom.development.js:9287:3)
      at dispatchEventWithEnableCapturePhaseSelectiveHydrationWithoutDiscreteEventReplay (node_modules/react-dom/cjs/react-dom.development.js:6465:5)
      at dispatchEvent (node_modules/react-dom/cjs/react-dom.development.js:6457:5)
      at dispatchDiscreteEvent (node_modules/react-dom/cjs/react-dom.development.js:6430:5)
      at HTMLDivElement.callTheUserObjectsOperation (node_modules/jsdom/lib/jsdom/living/generated/EventListener.js:26:30)
      at innerInvokeEventListeners (node_modules/jsdom/lib/jsdom/living/events/EventTarget-impl.js:350:25)
      at invokeEventListeners (node_modules/jsdom/lib/jsdom/living/events/EventTarget-impl.js:286:3)
      at HTMLButtonElementImpl._dispatch (node_modules/jsdom/lib/jsdom/living/events/EventTarget-impl.js:233:9)
      at HTMLButtonElementImpl.dispatchEvent (node_modules/jsdom/lib/jsdom/living/events/EventTarget-impl.js:104:17)
      at HTMLButtonElement.dispatchEvent (node_modules/jsdom/lib/jsdom/living/generated/EventTarget.js:241:34)
      at node_modules/@testing-library/dom/dist/events.js:19:20
      at node_modules/@testing-library/react/dist/pure.js:108:16
      at node_modules/@testing-library/react/dist/act-compat.js:48:24
      at act (node_modules/react/cjs/react.development.js:2512:16)
      at node_modules/@testing-library/react/dist/act-compat.js:47:25
      at Object.eventWrapper (node_modules/@testing-library/react/dist/pure.js:107:28)
      at fireEvent (node_modules/@testing-library/dom/dist/events.js:12:35)
      at Function.fireEvent.<computed> [as click] (node_modules/@testing-library/dom/dist/events.js:110:36)
      at Function.fireEvent.<computed> [as click] (node_modules/@testing-library/react/dist/fire-event.js:15:52)
      at Object.click (tests/producer-shipping-workflow.test.jsx:1511:15)

  console.warn
    [ApprovalQueue] Could not create address reveal: Error: Decryption failed
        at Object.<anonymous> (C:\Users\Adam Steenwyk\Documents\Code\Nightjar\tests\producer-shipping-workflow.test.jsx:1533:53)
        at Promise.then.completed (C:\Users\Adam Steenwyk\Documents\Code\Nightjar\node_modules\jest-circus\build\utils.js:298:28)
        at new Promise (<anonymous>)
        at callAsyncCircusFn (C:\Users\Adam Steenwyk\Documents\Code\Nightjar\node_modules\jest-circus\build\utils.js:231:10)
        at _callCircusTest (C:\Users\Adam Steenwyk\Documents\Code\Nightjar\node_modules\jest-circus\build\run.js:316:40)
        at _runTest (C:\Users\Adam Steenwyk\Documents\Code\Nightjar\node_modules\jest-circus\build\run.js:252:3)
        at _runTestsForDescribeBlock (C:\Users\Adam Steenwyk\Documents\Code\Nightjar\node_modules\jest-circus\build\run.js:126:9)
        at _runTestsForDescribeBlock (C:\Users\Adam Steenwyk\Documents\Code\Nightjar\node_modules\jest-circus\build\run.js:121:9)
        at run (C:\Users\Adam Steenwyk\Documents\Code\Nightjar\node_modules\jest-circus\build\run.js:71:3)
        at runAndTransformResultsToJestFormat (C:\Users\Adam Steenwyk\Documents\Code\Nightjar\node_modules\jest-circus\build\legacy-code-todo-rewrite\jestAdapterInit.js:122:21)
        at jestAdapter (C:\Users\Adam Steenwyk\Documents\Code\Nightjar\node_modules\jest-circus\build\legacy-code-todo-rewrite\jestAdapter.js:79:19)
        at runTestInternal (C:\Users\Adam Steenwyk\Documents\Code\Nightjar\node_modules\jest-runner\build\runTest.js:367:16)
        at runTest (C:\Users\Adam Steenwyk\Documents\Code\Nightjar\node_modules\jest-runner\build\runTest.js:444:34)

    [0m [90m 134 |[39m         }
     [90m 135 |[39m       } [36mcatch[39m (err) {
    [31m[1m>[22m[39m[90m 136 |[39m         console[33m.[39mwarn([32m'[ApprovalQueue] Could not create address reveal:'[39m[33m,[39m err)[33m;[39m
     [90m     |[39m                 [31m[1m^[22m[39m
     [90m 137 |[39m       }
     [90m 138 |[39m     }
     [90m 139 |[39m[0m

      at warn (frontend/src/components/inventory/admin/ApprovalQueue.jsx:136:17)

  console.error
    Warning: An update to ApprovalQueue inside a test was not wrapped in act(...).
    
    When testing, code that causes React state updates should be wrapped into act(...):
    
    act(() => {
      /* fire events that update state */
    });
    /* assert on the output */
    
    This ensures that you're testing the behavior the user would see in the browser. Learn more at https://reactjs.org/link/wrap-tests-with-act
        at ApprovalQueue (C:\Users\Adam Steenwyk\Documents\Code\Nightjar\frontend\src\components\inventory\admin\ApprovalQueue.jsx:20:43)

    [0m [90m 161 |[39m     }
     [90m 162 |[39m
    [31m[1m>[22m[39m[90m 163 |[39m     setSelected(prev [33m=>[39m { [36mconst[39m n [33m=[39m [36mnew[39m [33mSet[39m(prev)[33m;[39m n[33m.[39m[36mdelete[39m(requestId)[33m;[39m [36mreturn[39m n[33m;[39m })[33m;[39m
     [90m     |[39m     [31m[1m^[22m[39m
     [90m 164 |[39m   }[33m,[39m [findAndUpdateRequest[33m,[39m adminNotes[33m,[39m logAudit[33m,[39m ctx[33m.[39muserIdentity[33m,[39m ctx[33m.[39myInventoryNotifications[33m,[39m ctx[33m.[39minventorySystemId[33m,[39m ctx[33m.[39mcurrentWorkspace[33m,[39m ctx[33m.[39mworkspaceId[33m,[39m ctx[33m.[39myPendingAddresses[33m,[39m ctx[33m.[39myAddressReveals])[33m;[39m
     [90m 165 |[39m
     [90m 166 |[39m   [36mconst[39m handleReject [33m=[39m useCallback((requestId) [33m=>[39m {[0m

      at printWarning (node_modules/react-dom/cjs/react-dom.development.js:86:30)
      at error (node_modules/react-dom/cjs/react-dom.development.js:60:7)
      at warnIfUpdatesNotWrappedWithActDEV (node_modules/react-dom/cjs/react-dom.development.js:27628:9)
      at scheduleUpdateOnFiber (node_modules/react-dom/cjs/react-dom.development.js:25547:5)
      at dispatchSetState (node_modules/react-dom/cjs/react-dom.development.js:16708:7)
      at setSelected (frontend/src/components/inventory/admin/ApprovalQueue.jsx:163:5)

  console.error
    [AddressReveal] Decryption failed: Error: Wrong key
        at Object.<anonymous> (C:\Users\Adam Steenwyk\Documents\Code\Nightjar\tests\producer-shipping-workflow.test.jsx:1576:52)
        at Promise.then.completed (C:\Users\Adam Steenwyk\Documents\Code\Nightjar\node_modules\jest-circus\build\utils.js:298:28)
        at new Promise (<anonymous>)
        at callAsyncCircusFn (C:\Users\Adam Steenwyk\Documents\Code\Nightjar\node_modules\jest-circus\build\utils.js:231:10)
        at _callCircusTest (C:\Users\Adam Steenwyk\Documents\Code\Nightjar\node_modules\jest-circus\build\run.js:316:40)
        at _runTest (C:\Users\Adam Steenwyk\Documents\Code\Nightjar\node_modules\jest-circus\build\run.js:252:3)
        at _runTestsForDescribeBlock (C:\Users\Adam Steenwyk\Documents\Code\Nightjar\node_modules\jest-circus\build\run.js:126:9)
        at _runTestsForDescribeBlock (C:\Users\Adam Steenwyk\Documents\Code\Nightjar\node_modules\jest-circus\build\run.js:121:9)
        at run (C:\Users\Adam Steenwyk\Documents\Code\Nightjar\node_modules\jest-circus\build\run.js:71:3)
        at runAndTransformResultsToJestFormat (C:\Users\Adam Steenwyk\Documents\Code\Nightjar\node_modules\jest-circus\build\legacy-code-todo-rewrite\jestAdapterInit.js:122:21)
        at jestAdapter (C:\Users\Adam Steenwyk\Documents\Code\Nightjar\node_modules\jest-circus\build\legacy-code-todo-rewrite\jestAdapter.js:79:19)
        at runTestInternal (C:\Users\Adam Steenwyk\Documents\Code\Nightjar\node_modules\jest-runner\build\runTest.js:367:16)
        at runTest (C:\Users\Adam Steenwyk\Documents\Code\Nightjar\node_modules\jest-runner\build\runTest.js:444:34)

    [0m [90m 51 |[39m         [36mif[39m ([33m![39mcancelled) setAddress(addr)[33m;[39m
     [90m 52 |[39m       } [36mcatch[39m (err) {
    [31m[1m>[22m[39m[90m 53 |[39m         console[33m.[39merror([32m'[AddressReveal] Decryption failed:'[39m[33m,[39m err)[33m;[39m
     [90m    |[39m                 [31m[1m^[22m[39m
     [90m 54 |[39m         [36mif[39m ([33m![39mcancelled) setDecryptError([32m'Could not decrypt the shipping address. Make sure you are the assigned producer.'[39m)[33m;[39m
     [90m 55 |[39m       }
     [90m 56 |[39m     })()[33m;[39m[0m

      at error (frontend/src/components/inventory/producer/AddressReveal.jsx:53:17)

PASS tests/producer-shipping-workflow.test.jsx
  ApprovalQueue ΓÇö getAddress fix (Bug #1)
    ΓêÜ calls getWorkspaceKeyMaterial with currentWorkspace and workspaceId 
(37 ms)
    ΓêÜ calls getAddress with (keyMaterial, inventorySystemId, requestId) in 
correct order (9 ms)
    ΓêÜ creates address reveal with inventorySystemId attached (57 ms)
  ApprovalQueue ΓÇö pending address decryption (Bug #2)
    ΓêÜ falls back to yPendingAddresses when local address not found (60 ms)
    ΓêÜ stores decrypted pending address locally and deletes pending entry (61 
ms)
    ΓêÜ creates address reveal from decrypted pending address (58 ms)
    ΓêÜ does not attempt decryptPendingAddress when local address exists (61 
ms)
  ApprovalQueue ΓÇö inventorySystemId on reveals (Bug #3)
    ΓêÜ attaches inventorySystemId so useInventorySync filter passes (57 ms)
  RequestDetail ΓÇö status visibility (Bug #4)
    ΓêÜ shows shipping UI for approved status (24 ms)
    ΓêÜ shows shipping UI for in_progress status (5 ms)
    ΓêÜ does NOT show shipping UI for claimed status (7 ms)
    ΓêÜ does NOT show shipping UI for shipped status (4 ms)
  RequestDetail ΓÇö inline AddressReveal
    ΓêÜ renders AddressReveal inline when address reveal exists for producer 
(21 ms)
    ΓêÜ shows shipping providers when AddressReveal is rendered inline (13 ms)
    ΓêÜ shows no-reveal fallback when address reveal does not exist (5 ms)
    ΓêÜ does NOT show AddressReveal for admin role (shows full address from 
local store instead) (8 ms)
  RequestDetail ΓÇö getAddress fix
    ΓêÜ calls getAddress with correct arguments when loading admin full 
address (7 ms)
    ΓêÜ displays full address for admin when address is loaded (11 ms)
    ΓêÜ gracefully handles getWorkspaceKeyMaterial failure (4 ms)
  ProducerMyRequests ΓÇö onMarkShipped handler (Bug #5)
    ΓêÜ renders View Address button when address reveal exists (5 ms)
    ΓêÜ shows AddressReveal inline in RequestDetail when clicking a card with 
a reveal (23 ms)
    ΓêÜ shows Mark In Progress button for approved requests (4 ms)
    ΓêÜ shows View Address for in_progress requests with reveal (4 ms)
  AddressReveal ΓÇö shipping providers and confirm flow
    ΓêÜ shows shipping provider buttons when providers are enabled (6 ms)
    ΓêÜ shows copy address button after decryption (9 ms)
    ΓêÜ mark shipped button is disabled until confirmation checkbox is checked 
(30 ms)
    ΓêÜ shows phone number when address includes phone (8 ms)
    ΓêÜ shows tracking number input (8 ms)
    ΓêÜ shows shipping notes textarea (6 ms)
    ΓêÜ shows privacy note about address deletion (7 ms)
    ΓêÜ shows request info section with item details (9 ms)
  E2E Scenario: Owner-submitted address ΓåÆ approve ΓåÆ producer ships
    ΓêÜ admin approves claimed request ΓåÆ address reveal created from local 
store (60 ms)
  E2E Scenario: Non-owner-submitted address ΓåÆ approve ΓåÆ producer ships
    ΓêÜ admin approves ΓåÆ decrypts pending address ΓåÆ creates reveal (58 ms)
  E2E Scenario: Producer views address and ships
    ΓêÜ producer sees decrypted address and shipping providers in 
RequestDetail (22 ms)
  E2E Scenario: Approval without assignedTo
    ΓêÜ does not attempt address reveal when no producer assigned (105 ms)
  E2E Scenario: Bulk approve with address reveals
    ΓêÜ bulk approve creates reveals for all selected requests (15 ms)
  RequestDetail ΓÇö Mark In Progress button
    ΓêÜ shows Mark In Progress button for approved status when 
onMarkInProgress is provided (4 ms)
    ΓêÜ does NOT show Mark In Progress button as clickable for in_progress 
status (4 ms)
    ΓêÜ stage bar button is safe to click when onMarkInProgress is not 
provided (6 ms)
    ΓêÜ calls onMarkInProgress with the request when clicked (5 ms)
    ΓêÜ stage bar renders for admin role too (31 ms)
  ProducerMyRequests ΓÇö Mark In Progress via RequestDetail
    ΓêÜ passes onMarkInProgress to RequestDetail and closes panel on click (15 
ms)
  InventoryContext ΓÇö currentWorkspace availability
    ΓêÜ context value includes currentWorkspace
    ΓêÜ context value includes workspaceId (1 ms)
  useInventorySync ΓÇö addressReveals filter
    ΓêÜ filters reveals by inventorySystemId (1 ms)
    ΓêÜ excludes reveals without inventorySystemId (the old bug) (1 ms)
  Edge cases and error handling
    ΓêÜ ApprovalQueue handles missing currentWorkspace gracefully (127 ms)
    ΓêÜ ApprovalQueue handles decryptPendingAddress failure gracefully (105 ms)
    ΓêÜ RequestDetail handles missing address reveal gracefully for producer 
(7 ms)
    ΓêÜ AddressReveal handles decryption failure with error message (12 ms)
    ΓêÜ ProducerMyRequests handles empty requests (4 ms)

Test Suites: 1 passed, 1 total
Tests:       51 passed, 51 total
Snapshots:   0 total
Time:        4.962 s
Ran all test suites matching /tests\\producer-shipping-workflow.test.jsx/i.
